[0.042s] Invoking command in '/home/vboxuser/ros2_ws/build/my_robot_interfaces': /usr/bin/cmake /home/vboxuser/ros2_ws/src/my_robot_interfaces -DCMAKE_INSTALL_PREFIX=/home/vboxuser/ros2_ws/install/my_robot_interfaces
[0.287s] -- The C compiler identification is GNU 11.4.0
[0.493s] -- The CXX compiler identification is GNU 11.4.0
[0.553s] -- Detecting C compiler ABI info
[0.950s] -- Detecting C compiler ABI info - done
[0.972s] -- Check for working C compiler: /usr/bin/cc - skipped
[0.992s] -- Detecting C compile features
[0.994s] -- Detecting C compile features - done
[1.001s] -- Detecting CXX compiler ABI info
[1.143s] -- Detecting CXX compiler ABI info - done
[1.164s] -- Check for working CXX compiler: /usr/bin/c++ - skipped
[1.165s] -- Detecting CXX compile features
[1.165s] -- Detecting CXX compile features - done
[1.168s] -- Found ament_cmake: 1.3.10 (/opt/ros/humble/share/ament_cmake/cmake)
[1.414s] -- Found Python3: /usr/bin/python3 (found version "3.10.12") found components: Interpreter 
[1.511s] -- Found rosidl_default_generators: 1.2.0 (/opt/ros/humble/share/rosidl_default_generators/cmake)
[1.519s] -- Using all available rosidl_typesupport_c: rosidl_typesupport_fastrtps_c;rosidl_typesupport_introspection_c
[1.519s] -- Found rosidl_adapter: 3.1.5 (/opt/ros/humble/share/rosidl_adapter/cmake)
[1.554s] -- Using all available rosidl_typesupport_cpp: rosidl_typesupport_fastrtps_cpp;rosidl_typesupport_introspection_cpp
[1.808s] Error parsing '/home/vboxuser/ros2_ws/src/my_robot_interfaces/package.xml':
[1.860s] Traceback (most recent call last):
[1.860s]   File "/usr/lib/python3/dist-packages/catkin_pkg/package.py", line 610, in parse_package_string
[1.862s]     root = dom.parseString(data)
[1.862s]   File "/usr/lib/python3.10/xml/dom/minidom.py", line 2000, in parseString
[1.864s]     return expatbuilder.parseString(string)
[1.865s]   File "/usr/lib/python3.10/xml/dom/expatbuilder.py", line 925, in parseString
[1.866s]     return builder.parseString(string)
[1.867s]   File "/usr/lib/python3.10/xml/dom/expatbuilder.py", line 223, in parseString
[1.867s]     parser.Parse(string, True)
[1.867s] xml.parsers.expat.ExpatError: mismatched tag: line 23, column 2
[1.867s] 
[1.867s] During handling of the above exception, another exception occurred:
[1.867s] 
[1.867s] Traceback (most recent call last):
[1.867s]   File "/opt/ros/humble/share/ament_cmake_core/cmake/core/package_xml_2_cmake.py", line 150, in <module>
[1.867s]     main()
[1.867s]   File "/opt/ros/humble/share/ament_cmake_core/cmake/core/package_xml_2_cmake.py", line 53, in main
[1.867s]     raise e
[1.867s]   File "/opt/ros/humble/share/ament_cmake_core/cmake/core/package_xml_2_cmake.py", line 49, in main
[1.867s]     package = parse_package_string(
[1.867s]   File "/usr/lib/python3/dist-packages/catkin_pkg/package.py", line 612, in parse_package_string
[1.867s]     raise InvalidPackage('The manifest contains invalid XML:\n%s' % ex, filename)
[1.867s] catkin_pkg.package.InvalidPackage: Error(s) in package '/home/vboxuser/ros2_ws/src/my_robot_interfaces/package.xml':
[1.867s] The manifest contains invalid XML:
[1.868s] mismatched tag: line 23, column 2
[1.885s] [31mCMake Error at /opt/ros/humble/share/ament_cmake_core/cmake/core/ament_package_xml.cmake:95 (message):
[1.885s]   execute_process(/usr/bin/python3
[1.885s]   /opt/ros/humble/share/ament_cmake_core/cmake/core/package_xml_2_cmake.py
[1.885s]   /home/vboxuser/ros2_ws/src/my_robot_interfaces/package.xml
[1.885s]   /home/vboxuser/ros2_ws/build/my_robot_interfaces/ament_cmake_core/package.cmake)
[1.885s]   returned error code 1
[1.885s] Call Stack (most recent call first):
[1.886s]   /opt/ros/humble/share/ament_cmake_core/cmake/core/ament_package_xml.cmake:49 (_ament_package_xml)
[1.886s]   /opt/ros/humble/share/rosidl_cmake/cmake/rosidl_generate_interfaces.cmake:226 (ament_package_xml)
[1.886s]   CMakeLists.txt:11 (rosidl_generate_interfaces)
[1.886s] 
[1.886s] [0m
[1.886s] -- Configuring incomplete, errors occurred!
[1.886s] See also "/home/vboxuser/ros2_ws/build/my_robot_interfaces/CMakeFiles/CMakeOutput.log".
[1.898s] Invoked command in '/home/vboxuser/ros2_ws/build/my_robot_interfaces' returned '1': /usr/bin/cmake /home/vboxuser/ros2_ws/src/my_robot_interfaces -DCMAKE_INSTALL_PREFIX=/home/vboxuser/ros2_ws/install/my_robot_interfaces
